Started GET "/" for 127.0.0.1 at 2026-06-07 12:43:25 +0200
Processing by DemoController#show as HTML
  Rendering layout layouts/application.html.erb
  Rendering demo/show.html.erb within layouts/application
  Rendered demo/show.html.erb within layouts/application (Duration: 0.3ms | GC: 0.0ms)
  Rendered layout layouts/application.html.erb (Duration: 1567.1ms | GC: 61.1ms)
Completed 200 OK in 1573ms (Views: 1569.7ms | GC: 61.2ms)


Started GET "/assets/application-82dd236f5961c736c3d9d5c6b58b2d85711173aede226cea67c264924f3e310f.css" for 127.0.0.1 at 2026-06-07 12:43:27 +0200
Started GET "/assets/application-5e2708e50dac8726e5b2a4515b30d3aff8a4a1137c5c27c7f40513b16fa5b2ee.js" for 127.0.0.1 at 2026-06-07 12:43:27 +0200
Started GET "/favicon.ico" for 127.0.0.1 at 2026-06-07 12:43:27 +0200
  
ActionController::RoutingError (No route matches [GET] "/favicon.ico"):
  
Started GET "/assets/application-5e2708e50dac8726e5b2a4515b30d3aff8a4a1137c5c27c7f40513b16fa5b2ee.js" for 127.0.0.1 at 2026-06-07 12:43:27 +0200
Started GET "/" for 127.0.0.1 at 2026-06-07 12:45:21 +0200
Processing by DemoController#show as HTML
  Rendering layout layouts/application.html.erb
  Rendering demo/show.html.erb within layouts/application
  Rendered demo/show.html.erb within layouts/application (Duration: 0.1ms | GC: 0.0ms)
  Rendered layout layouts/application.html.erb (Duration: 27.1ms | GC: 0.5ms)
Completed 200 OK in 28ms (Views: 27.8ms | GC: 0.5ms)


Started GET "/assets/application-797212778095baaa0052b9bed4d3b3aab1f253b36eac91dbafd3eef0e9583f0c.css" for 127.0.0.1 at 2026-06-07 12:45:21 +0200
Started GET "/" for 127.0.0.1 at 2026-06-07 12:46:03 +0200
Processing by DemoController#show as HTML
  Rendering layout layouts/application.html.erb
  Rendering demo/show.html.erb within layouts/application
  Rendered demo/show.html.erb within layouts/application (Duration: 0.1ms | GC: 0.0ms)
  Rendered layout layouts/application.html.erb (Duration: 23.8ms | GC: 1.5ms)
Completed 200 OK in 25ms (Views: 24.9ms | GC: 1.5ms)


Started GET "/assets/application-8999770987f2e1019755fae9059c05a4b30e77e4c5249d49f68670db17dd9476.css" for 127.0.0.1 at 2026-06-07 12:46:03 +0200
Started GET "/" for 127.0.0.1 at 2026-06-07 12:46:18 +0200
Processing by DemoController#show as HTML
  Rendering layout layouts/application.html.erb
  Rendering demo/show.html.erb within layouts/application
  Rendered demo/show.html.erb within layouts/application (Duration: 0.1ms | GC: 0.0ms)
  Rendered layout layouts/application.html.erb (Duration: 25.4ms | GC: 0.6ms)
Completed 200 OK in 30ms (Views: 30.2ms | GC: 0.6ms)


Started GET "/assets/application-f153187d829b881d4aa4fbc95560ee9ca581c99800d2df840cb3b761b50c65b7.css" for 127.0.0.1 at 2026-06-07 12:46:18 +0200
Started GET "/" for 127.0.0.1 at 2026-06-07 12:46:53 +0200
Processing by DemoController#show as HTML
  Rendering layout layouts/application.html.erb
  Rendering demo/show.html.erb within layouts/application
  Rendered demo/show.html.erb within layouts/application (Duration: 0.1ms | GC: 0.0ms)
  Rendered layout layouts/application.html.erb (Duration: 10.3ms | GC: 0.1ms)
Completed 500 Internal Server Error in 12ms (GC: 0.1ms)


  
ActionView::Template::Error (couldn't find file 'prism-theme/shades-of-purple' with type 'text/css'
Checked in these paths: 
  /Users/avi/code/open-source/prism-rails/demo/app/assets/config
  /Users/avi/code/open-source/prism-rails/demo/app/assets/javascripts
  /Users/avi/code/open-source/prism-rails/demo/app/assets/stylesheets
  /Users/avi/code/open-source/prism-rails/vendor/assets/javascripts
  /Users/avi/code/open-source/prism-rails/vendor/assets/stylesheets
  /Users/avi/.rbenv/versions/3.2.2/lib/ruby/gems/3.2.0/gems/actionview-8.1.3/app/assets/javascripts)
Caused by: Sprockets::FileNotFound (couldn't find file 'prism-theme/shades-of-purple' with type 'text/css'
Checked in these paths: 
  /Users/avi/code/open-source/prism-rails/demo/app/assets/config
  /Users/avi/code/open-source/prism-rails/demo/app/assets/javascripts
  /Users/avi/code/open-source/prism-rails/demo/app/assets/stylesheets
  /Users/avi/code/open-source/prism-rails/vendor/assets/javascripts
  /Users/avi/code/open-source/prism-rails/vendor/assets/stylesheets
  /Users/avi/.rbenv/versions/3.2.2/lib/ruby/gems/3.2.0/gems/actionview-8.1.3/app/assets/javascripts)

Information for: ActionView::Template::Error (couldn't find file 'prism-theme/shades-of-purple' with type 'text/css'
Checked in these paths: 
  /Users/avi/code/open-source/prism-rails/demo/app/assets/config
  /Users/avi/code/open-source/prism-rails/demo/app/assets/javascripts
  /Users/avi/code/open-source/prism-rails/demo/app/assets/stylesheets
  /Users/avi/code/open-source/prism-rails/vendor/assets/javascripts
  /Users/avi/code/open-source/prism-rails/vendor/assets/stylesheets
  /Users/avi/.rbenv/versions/3.2.2/lib/ruby/gems/3.2.0/gems/actionview-8.1.3/app/assets/javascripts):
    3:   <head>
    4:     <title>prism-rails demo</title>
    5:     <meta name="viewport" content="width=device-width,initial-scale=1">
    6:     <%= stylesheet_link_tag "application", "data-turbo-track": "reload" %>
    7:     <%= javascript_include_tag "application", "data-turbo-track": "reload", defer: true %>
    8:   </head>
    9:   <body>
  
app/views/layouts/application.html.erb:6

Information for cause: Sprockets::FileNotFound (couldn't find file 'prism-theme/shades-of-purple' with type 'text/css'
Checked in these paths: 
  /Users/avi/code/open-source/prism-rails/demo/app/assets/config
  /Users/avi/code/open-source/prism-rails/demo/app/assets/javascripts
  /Users/avi/code/open-source/prism-rails/demo/app/assets/stylesheets
  /Users/avi/code/open-source/prism-rails/vendor/assets/javascripts
  /Users/avi/code/open-source/prism-rails/vendor/assets/stylesheets
  /Users/avi/.rbenv/versions/3.2.2/lib/ruby/gems/3.2.0/gems/actionview-8.1.3/app/assets/javascripts):
  
app/views/layouts/application.html.erb:6
Started GET "/" for 127.0.0.1 at 2026-06-07 12:46:54 +0200
Processing by DemoController#show as HTML
  Rendering layout layouts/application.html.erb
  Rendering demo/show.html.erb within layouts/application
  Rendered demo/show.html.erb within layouts/application (Duration: 0.1ms | GC: 0.0ms)
  Rendered layout layouts/application.html.erb (Duration: 5.0ms | GC: 0.0ms)
Completed 500 Internal Server Error in 7ms (GC: 0.0ms)


  
ActionView::Template::Error (couldn't find file 'prism-theme/shades-of-purple' with type 'text/css'
Checked in these paths: 
  /Users/avi/code/open-source/prism-rails/demo/app/assets/config
  /Users/avi/code/open-source/prism-rails/demo/app/assets/javascripts
  /Users/avi/code/open-source/prism-rails/demo/app/assets/stylesheets
  /Users/avi/code/open-source/prism-rails/vendor/assets/javascripts
  /Users/avi/code/open-source/prism-rails/vendor/assets/stylesheets
  /Users/avi/.rbenv/versions/3.2.2/lib/ruby/gems/3.2.0/gems/actionview-8.1.3/app/assets/javascripts)
Caused by: Sprockets::FileNotFound (couldn't find file 'prism-theme/shades-of-purple' with type 'text/css'
Checked in these paths: 
  /Users/avi/code/open-source/prism-rails/demo/app/assets/config
  /Users/avi/code/open-source/prism-rails/demo/app/assets/javascripts
  /Users/avi/code/open-source/prism-rails/demo/app/assets/stylesheets
  /Users/avi/code/open-source/prism-rails/vendor/assets/javascripts
  /Users/avi/code/open-source/prism-rails/vendor/assets/stylesheets
  /Users/avi/.rbenv/versions/3.2.2/lib/ruby/gems/3.2.0/gems/actionview-8.1.3/app/assets/javascripts)

Information for: ActionView::Template::Error (couldn't find file 'prism-theme/shades-of-purple' with type 'text/css'
Checked in these paths: 
  /Users/avi/code/open-source/prism-rails/demo/app/assets/config
  /Users/avi/code/open-source/prism-rails/demo/app/assets/javascripts
  /Users/avi/code/open-source/prism-rails/demo/app/assets/stylesheets
  /Users/avi/code/open-source/prism-rails/vendor/assets/javascripts
  /Users/avi/code/open-source/prism-rails/vendor/assets/stylesheets
  /Users/avi/.rbenv/versions/3.2.2/lib/ruby/gems/3.2.0/gems/actionview-8.1.3/app/assets/javascripts):
    3:   <head>
    4:     <title>prism-rails demo</title>
    5:     <meta name="viewport" content="width=device-width,initial-scale=1">
    6:     <%= stylesheet_link_tag "application", "data-turbo-track": "reload" %>
    7:     <%= javascript_include_tag "application", "data-turbo-track": "reload", defer: true %>
    8:   </head>
    9:   <body>
  
app/views/layouts/application.html.erb:6

Information for cause: Sprockets::FileNotFound (couldn't find file 'prism-theme/shades-of-purple' with type 'text/css'
Checked in these paths: 
  /Users/avi/code/open-source/prism-rails/demo/app/assets/config
  /Users/avi/code/open-source/prism-rails/demo/app/assets/javascripts
  /Users/avi/code/open-source/prism-rails/demo/app/assets/stylesheets
  /Users/avi/code/open-source/prism-rails/vendor/assets/javascripts
  /Users/avi/code/open-source/prism-rails/vendor/assets/stylesheets
  /Users/avi/.rbenv/versions/3.2.2/lib/ruby/gems/3.2.0/gems/actionview-8.1.3/app/assets/javascripts):
  
app/views/layouts/application.html.erb:6
Started GET "/" for 127.0.0.1 at 2026-06-07 12:47:12 +0200
Processing by DemoController#show as HTML
  Rendering layout layouts/application.html.erb
  Rendering demo/show.html.erb within layouts/application
  Rendered demo/show.html.erb within layouts/application (Duration: 0.1ms | GC: 0.0ms)
  Rendered layout layouts/application.html.erb (Duration: 2.2ms | GC: 0.3ms)
Completed 500 Internal Server Error in 11ms (GC: 0.3ms)


  
ActionView::Template::Error (couldn't find file 'prism-theme/coldark-dark' with type 'text/css'
Checked in these paths: 
  /Users/avi/code/open-source/prism-rails/demo/app/assets/config
  /Users/avi/code/open-source/prism-rails/demo/app/assets/javascripts
  /Users/avi/code/open-source/prism-rails/demo/app/assets/stylesheets
  /Users/avi/code/open-source/prism-rails/vendor/assets/javascripts
  /Users/avi/code/open-source/prism-rails/vendor/assets/stylesheets
  /Users/avi/.rbenv/versions/3.2.2/lib/ruby/gems/3.2.0/gems/actionview-8.1.3/app/assets/javascripts)
Caused by: Sprockets::FileNotFound (couldn't find file 'prism-theme/coldark-dark' with type 'text/css'
Checked in these paths: 
  /Users/avi/code/open-source/prism-rails/demo/app/assets/config
  /Users/avi/code/open-source/prism-rails/demo/app/assets/javascripts
  /Users/avi/code/open-source/prism-rails/demo/app/assets/stylesheets
  /Users/avi/code/open-source/prism-rails/vendor/assets/javascripts
  /Users/avi/code/open-source/prism-rails/vendor/assets/stylesheets
  /Users/avi/.rbenv/versions/3.2.2/lib/ruby/gems/3.2.0/gems/actionview-8.1.3/app/assets/javascripts)

Information for: ActionView::Template::Error (couldn't find file 'prism-theme/coldark-dark' with type 'text/css'
Checked in these paths: 
  /Users/avi/code/open-source/prism-rails/demo/app/assets/config
  /Users/avi/code/open-source/prism-rails/demo/app/assets/javascripts
  /Users/avi/code/open-source/prism-rails/demo/app/assets/stylesheets
  /Users/avi/code/open-source/prism-rails/vendor/assets/javascripts
  /Users/avi/code/open-source/prism-rails/vendor/assets/stylesheets
  /Users/avi/.rbenv/versions/3.2.2/lib/ruby/gems/3.2.0/gems/actionview-8.1.3/app/assets/javascripts):
    3:   <head>
    4:     <title>prism-rails demo</title>
    5:     <meta name="viewport" content="width=device-width,initial-scale=1">
    6:     <%= stylesheet_link_tag "application", "data-turbo-track": "reload" %>
    7:     <%= javascript_include_tag "application", "data-turbo-track": "reload", defer: true %>
    8:   </head>
    9:   <body>
  
app/views/layouts/application.html.erb:6

Information for cause: Sprockets::FileNotFound (couldn't find file 'prism-theme/coldark-dark' with type 'text/css'
Checked in these paths: 
  /Users/avi/code/open-source/prism-rails/demo/app/assets/config
  /Users/avi/code/open-source/prism-rails/demo/app/assets/javascripts
  /Users/avi/code/open-source/prism-rails/demo/app/assets/stylesheets
  /Users/avi/code/open-source/prism-rails/vendor/assets/javascripts
  /Users/avi/code/open-source/prism-rails/vendor/assets/stylesheets
  /Users/avi/.rbenv/versions/3.2.2/lib/ruby/gems/3.2.0/gems/actionview-8.1.3/app/assets/javascripts):
  
app/views/layouts/application.html.erb:6
Started GET "/" for 127.0.0.1 at 2026-06-07 12:47:12 +0200
Processing by DemoController#show as HTML
  Rendering layout layouts/application.html.erb
  Rendering demo/show.html.erb within layouts/application
  Rendered demo/show.html.erb within layouts/application (Duration: 0.1ms | GC: 0.0ms)
  Rendered layout layouts/application.html.erb (Duration: 5.5ms | GC: 0.0ms)
Completed 500 Internal Server Error in 7ms (GC: 0.0ms)


  
ActionView::Template::Error (couldn't find file 'prism-theme/coldark-dark' with type 'text/css'
Checked in these paths: 
  /Users/avi/code/open-source/prism-rails/demo/app/assets/config
  /Users/avi/code/open-source/prism-rails/demo/app/assets/javascripts
  /Users/avi/code/open-source/prism-rails/demo/app/assets/stylesheets
  /Users/avi/code/open-source/prism-rails/vendor/assets/javascripts
  /Users/avi/code/open-source/prism-rails/vendor/assets/stylesheets
  /Users/avi/.rbenv/versions/3.2.2/lib/ruby/gems/3.2.0/gems/actionview-8.1.3/app/assets/javascripts)
Caused by: Sprockets::FileNotFound (couldn't find file 'prism-theme/coldark-dark' with type 'text/css'
Checked in these paths: 
  /Users/avi/code/open-source/prism-rails/demo/app/assets/config
  /Users/avi/code/open-source/prism-rails/demo/app/assets/javascripts
  /Users/avi/code/open-source/prism-rails/demo/app/assets/stylesheets
  /Users/avi/code/open-source/prism-rails/vendor/assets/javascripts
  /Users/avi/code/open-source/prism-rails/vendor/assets/stylesheets
  /Users/avi/.rbenv/versions/3.2.2/lib/ruby/gems/3.2.0/gems/actionview-8.1.3/app/assets/javascripts)

Information for: ActionView::Template::Error (couldn't find file 'prism-theme/coldark-dark' with type 'text/css'
Checked in these paths: 
  /Users/avi/code/open-source/prism-rails/demo/app/assets/config
  /Users/avi/code/open-source/prism-rails/demo/app/assets/javascripts
  /Users/avi/code/open-source/prism-rails/demo/app/assets/stylesheets
  /Users/avi/code/open-source/prism-rails/vendor/assets/javascripts
  /Users/avi/code/open-source/prism-rails/vendor/assets/stylesheets
  /Users/avi/.rbenv/versions/3.2.2/lib/ruby/gems/3.2.0/gems/actionview-8.1.3/app/assets/javascripts):
    3:   <head>
    4:     <title>prism-rails demo</title>
    5:     <meta name="viewport" content="width=device-width,initial-scale=1">
    6:     <%= stylesheet_link_tag "application", "data-turbo-track": "reload" %>
    7:     <%= javascript_include_tag "application", "data-turbo-track": "reload", defer: true %>
    8:   </head>
    9:   <body>
  
app/views/layouts/application.html.erb:6

Information for cause: Sprockets::FileNotFound (couldn't find file 'prism-theme/coldark-dark' with type 'text/css'
Checked in these paths: 
  /Users/avi/code/open-source/prism-rails/demo/app/assets/config
  /Users/avi/code/open-source/prism-rails/demo/app/assets/javascripts
  /Users/avi/code/open-source/prism-rails/demo/app/assets/stylesheets
  /Users/avi/code/open-source/prism-rails/vendor/assets/javascripts
  /Users/avi/code/open-source/prism-rails/vendor/assets/stylesheets
  /Users/avi/.rbenv/versions/3.2.2/lib/ruby/gems/3.2.0/gems/actionview-8.1.3/app/assets/javascripts):
  
app/views/layouts/application.html.erb:6
Started GET "/" for 127.0.0.1 at 2026-06-07 12:47:57 +0200
Processing by DemoController#show as HTML
  Rendering layout layouts/application.html.erb
  Rendering demo/show.html.erb within layouts/application
  Rendered demo/show.html.erb within layouts/application (Duration: 0.0ms | GC: 0.0ms)
  Rendered layout layouts/application.html.erb (Duration: 1.4ms | GC: 0.1ms)
Completed 500 Internal Server Error in 2ms (GC: 0.1ms)


  
ActionView::Template::Error (couldn't find file 'prism-theme/cb' with type 'text/css'
Checked in these paths: 
  /Users/avi/code/open-source/prism-rails/demo/app/assets/config
  /Users/avi/code/open-source/prism-rails/demo/app/assets/javascripts
  /Users/avi/code/open-source/prism-rails/demo/app/assets/stylesheets
  /Users/avi/code/open-source/prism-rails/vendor/assets/javascripts
  /Users/avi/code/open-source/prism-rails/vendor/assets/stylesheets
  /Users/avi/.rbenv/versions/3.2.2/lib/ruby/gems/3.2.0/gems/actionview-8.1.3/app/assets/javascripts)
Caused by: Sprockets::FileNotFound (couldn't find file 'prism-theme/cb' with type 'text/css'
Checked in these paths: 
  /Users/avi/code/open-source/prism-rails/demo/app/assets/config
  /Users/avi/code/open-source/prism-rails/demo/app/assets/javascripts
  /Users/avi/code/open-source/prism-rails/demo/app/assets/stylesheets
  /Users/avi/code/open-source/prism-rails/vendor/assets/javascripts
  /Users/avi/code/open-source/prism-rails/vendor/assets/stylesheets
  /Users/avi/.rbenv/versions/3.2.2/lib/ruby/gems/3.2.0/gems/actionview-8.1.3/app/assets/javascripts)

Information for: ActionView::Template::Error (couldn't find file 'prism-theme/cb' with type 'text/css'
Checked in these paths: 
  /Users/avi/code/open-source/prism-rails/demo/app/assets/config
  /Users/avi/code/open-source/prism-rails/demo/app/assets/javascripts
  /Users/avi/code/open-source/prism-rails/demo/app/assets/stylesheets
  /Users/avi/code/open-source/prism-rails/vendor/assets/javascripts
  /Users/avi/code/open-source/prism-rails/vendor/assets/stylesheets
  /Users/avi/.rbenv/versions/3.2.2/lib/ruby/gems/3.2.0/gems/actionview-8.1.3/app/assets/javascripts):
    3:   <head>
    4:     <title>prism-rails demo</title>
    5:     <meta name="viewport" content="width=device-width,initial-scale=1">
    6:     <%= stylesheet_link_tag "application", "data-turbo-track": "reload" %>
    7:     <%= javascript_include_tag "application", "data-turbo-track": "reload", defer: true %>
    8:   </head>
    9:   <body>
  
app/views/layouts/application.html.erb:6

Information for cause: Sprockets::FileNotFound (couldn't find file 'prism-theme/cb' with type 'text/css'
Checked in these paths: 
  /Users/avi/code/open-source/prism-rails/demo/app/assets/config
  /Users/avi/code/open-source/prism-rails/demo/app/assets/javascripts
  /Users/avi/code/open-source/prism-rails/demo/app/assets/stylesheets
  /Users/avi/code/open-source/prism-rails/vendor/assets/javascripts
  /Users/avi/code/open-source/prism-rails/vendor/assets/stylesheets
  /Users/avi/.rbenv/versions/3.2.2/lib/ruby/gems/3.2.0/gems/actionview-8.1.3/app/assets/javascripts):
  
app/views/layouts/application.html.erb:6
Started GET "/" for 127.0.0.1 at 2026-06-07 12:47:58 +0200
Processing by DemoController#show as HTML
  Rendering layout layouts/application.html.erb
  Rendering demo/show.html.erb within layouts/application
  Rendered demo/show.html.erb within layouts/application (Duration: 0.1ms | GC: 0.0ms)
  Rendered layout layouts/application.html.erb (Duration: 3.0ms | GC: 0.0ms)
Completed 500 Internal Server Error in 10ms (GC: 0.0ms)


  
ActionView::Template::Error (couldn't find file 'prism-theme/cb' with type 'text/css'
Checked in these paths: 
  /Users/avi/code/open-source/prism-rails/demo/app/assets/config
  /Users/avi/code/open-source/prism-rails/demo/app/assets/javascripts
  /Users/avi/code/open-source/prism-rails/demo/app/assets/stylesheets
  /Users/avi/code/open-source/prism-rails/vendor/assets/javascripts
  /Users/avi/code/open-source/prism-rails/vendor/assets/stylesheets
  /Users/avi/.rbenv/versions/3.2.2/lib/ruby/gems/3.2.0/gems/actionview-8.1.3/app/assets/javascripts)
Caused by: Sprockets::FileNotFound (couldn't find file 'prism-theme/cb' with type 'text/css'
Checked in these paths: 
  /Users/avi/code/open-source/prism-rails/demo/app/assets/config
  /Users/avi/code/open-source/prism-rails/demo/app/assets/javascripts
  /Users/avi/code/open-source/prism-rails/demo/app/assets/stylesheets
  /Users/avi/code/open-source/prism-rails/vendor/assets/javascripts
  /Users/avi/code/open-source/prism-rails/vendor/assets/stylesheets
  /Users/avi/.rbenv/versions/3.2.2/lib/ruby/gems/3.2.0/gems/actionview-8.1.3/app/assets/javascripts)

Information for: ActionView::Template::Error (couldn't find file 'prism-theme/cb' with type 'text/css'
Checked in these paths: 
  /Users/avi/code/open-source/prism-rails/demo/app/assets/config
  /Users/avi/code/open-source/prism-rails/demo/app/assets/javascripts
  /Users/avi/code/open-source/prism-rails/demo/app/assets/stylesheets
  /Users/avi/code/open-source/prism-rails/vendor/assets/javascripts
  /Users/avi/code/open-source/prism-rails/vendor/assets/stylesheets
  /Users/avi/.rbenv/versions/3.2.2/lib/ruby/gems/3.2.0/gems/actionview-8.1.3/app/assets/javascripts):
    3:   <head>
    4:     <title>prism-rails demo</title>
    5:     <meta name="viewport" content="width=device-width,initial-scale=1">
    6:     <%= stylesheet_link_tag "application", "data-turbo-track": "reload" %>
    7:     <%= javascript_include_tag "application", "data-turbo-track": "reload", defer: true %>
    8:   </head>
    9:   <body>
  
app/views/layouts/application.html.erb:6

Information for cause: Sprockets::FileNotFound (couldn't find file 'prism-theme/cb' with type 'text/css'
Checked in these paths: 
  /Users/avi/code/open-source/prism-rails/demo/app/assets/config
  /Users/avi/code/open-source/prism-rails/demo/app/assets/javascripts
  /Users/avi/code/open-source/prism-rails/demo/app/assets/stylesheets
  /Users/avi/code/open-source/prism-rails/vendor/assets/javascripts
  /Users/avi/code/open-source/prism-rails/vendor/assets/stylesheets
  /Users/avi/.rbenv/versions/3.2.2/lib/ruby/gems/3.2.0/gems/actionview-8.1.3/app/assets/javascripts):
  
app/views/layouts/application.html.erb:6
Started GET "/" for 127.0.0.1 at 2026-06-07 12:48:03 +0200
Processing by DemoController#show as HTML
  Rendering layout layouts/application.html.erb
  Rendering demo/show.html.erb within layouts/application
  Rendered demo/show.html.erb within layouts/application (Duration: 0.1ms | GC: 0.0ms)
  Rendered layout layouts/application.html.erb (Duration: 8.9ms | GC: 0.0ms)
Completed 500 Internal Server Error in 10ms (GC: 0.0ms)


  
ActionView::Template::Error (couldn't find file 'prism-theme/cb' with type 'text/css'
Checked in these paths: 
  /Users/avi/code/open-source/prism-rails/demo/app/assets/config
  /Users/avi/code/open-source/prism-rails/demo/app/assets/javascripts
  /Users/avi/code/open-source/prism-rails/demo/app/assets/stylesheets
  /Users/avi/code/open-source/prism-rails/vendor/assets/javascripts
  /Users/avi/code/open-source/prism-rails/vendor/assets/stylesheets
  /Users/avi/.rbenv/versions/3.2.2/lib/ruby/gems/3.2.0/gems/actionview-8.1.3/app/assets/javascripts)
Caused by: Sprockets::FileNotFound (couldn't find file 'prism-theme/cb' with type 'text/css'
Checked in these paths: 
  /Users/avi/code/open-source/prism-rails/demo/app/assets/config
  /Users/avi/code/open-source/prism-rails/demo/app/assets/javascripts
  /Users/avi/code/open-source/prism-rails/demo/app/assets/stylesheets
  /Users/avi/code/open-source/prism-rails/vendor/assets/javascripts
  /Users/avi/code/open-source/prism-rails/vendor/assets/stylesheets
  /Users/avi/.rbenv/versions/3.2.2/lib/ruby/gems/3.2.0/gems/actionview-8.1.3/app/assets/javascripts)

Information for: ActionView::Template::Error (couldn't find file 'prism-theme/cb' with type 'text/css'
Checked in these paths: 
  /Users/avi/code/open-source/prism-rails/demo/app/assets/config
  /Users/avi/code/open-source/prism-rails/demo/app/assets/javascripts
  /Users/avi/code/open-source/prism-rails/demo/app/assets/stylesheets
  /Users/avi/code/open-source/prism-rails/vendor/assets/javascripts
  /Users/avi/code/open-source/prism-rails/vendor/assets/stylesheets
  /Users/avi/.rbenv/versions/3.2.2/lib/ruby/gems/3.2.0/gems/actionview-8.1.3/app/assets/javascripts):
    3:   <head>
    4:     <title>prism-rails demo</title>
    5:     <meta name="viewport" content="width=device-width,initial-scale=1">
    6:     <%= stylesheet_link_tag "application", "data-turbo-track": "reload" %>
    7:     <%= javascript_include_tag "application", "data-turbo-track": "reload", defer: true %>
    8:   </head>
    9:   <body>
  
app/views/layouts/application.html.erb:6

Information for cause: Sprockets::FileNotFound (couldn't find file 'prism-theme/cb' with type 'text/css'
Checked in these paths: 
  /Users/avi/code/open-source/prism-rails/demo/app/assets/config
  /Users/avi/code/open-source/prism-rails/demo/app/assets/javascripts
  /Users/avi/code/open-source/prism-rails/demo/app/assets/stylesheets
  /Users/avi/code/open-source/prism-rails/vendor/assets/javascripts
  /Users/avi/code/open-source/prism-rails/vendor/assets/stylesheets
  /Users/avi/.rbenv/versions/3.2.2/lib/ruby/gems/3.2.0/gems/actionview-8.1.3/app/assets/javascripts):
  
app/views/layouts/application.html.erb:6
Started GET "/" for 127.0.0.1 at 2026-06-07 12:50:41 +0200
Processing by DemoController#show as HTML
  Rendering layout layouts/application.html.erb
  Rendering demo/show.html.erb within layouts/application
  Rendered demo/show.html.erb within layouts/application (Duration: 0.1ms | GC: 0.0ms)
  Rendered layout layouts/application.html.erb (Duration: 7.5ms | GC: 0.0ms)
Completed 500 Internal Server Error in 8ms (GC: 0.0ms)


  
ActionView::Template::Error (couldn't find file 'prism-theme/cb' with type 'text/css'
Checked in these paths: 
  /Users/avi/code/open-source/prism-rails/demo/app/assets/config
  /Users/avi/code/open-source/prism-rails/demo/app/assets/javascripts
  /Users/avi/code/open-source/prism-rails/demo/app/assets/stylesheets
  /Users/avi/code/open-source/prism-rails/vendor/assets/javascripts
  /Users/avi/code/open-source/prism-rails/vendor/assets/stylesheets
  /Users/avi/.rbenv/versions/3.2.2/lib/ruby/gems/3.2.0/gems/actionview-8.1.3/app/assets/javascripts)
Caused by: Sprockets::FileNotFound (couldn't find file 'prism-theme/cb' with type 'text/css'
Checked in these paths: 
  /Users/avi/code/open-source/prism-rails/demo/app/assets/config
  /Users/avi/code/open-source/prism-rails/demo/app/assets/javascripts
  /Users/avi/code/open-source/prism-rails/demo/app/assets/stylesheets
  /Users/avi/code/open-source/prism-rails/vendor/assets/javascripts
  /Users/avi/code/open-source/prism-rails/vendor/assets/stylesheets
  /Users/avi/.rbenv/versions/3.2.2/lib/ruby/gems/3.2.0/gems/actionview-8.1.3/app/assets/javascripts)

Information for: ActionView::Template::Error (couldn't find file 'prism-theme/cb' with type 'text/css'
Checked in these paths: 
  /Users/avi/code/open-source/prism-rails/demo/app/assets/config
  /Users/avi/code/open-source/prism-rails/demo/app/assets/javascripts
  /Users/avi/code/open-source/prism-rails/demo/app/assets/stylesheets
  /Users/avi/code/open-source/prism-rails/vendor/assets/javascripts
  /Users/avi/code/open-source/prism-rails/vendor/assets/stylesheets
  /Users/avi/.rbenv/versions/3.2.2/lib/ruby/gems/3.2.0/gems/actionview-8.1.3/app/assets/javascripts):
    3:   <head>
    4:     <title>prism-rails demo</title>
    5:     <meta name="viewport" content="width=device-width,initial-scale=1">
    6:     <%= stylesheet_link_tag "application", "data-turbo-track": "reload" %>
    7:     <%= javascript_include_tag "application", "data-turbo-track": "reload", defer: true %>
    8:   </head>
    9:   <body>
  
app/views/layouts/application.html.erb:6

Information for cause: Sprockets::FileNotFound (couldn't find file 'prism-theme/cb' with type 'text/css'
Checked in these paths: 
  /Users/avi/code/open-source/prism-rails/demo/app/assets/config
  /Users/avi/code/open-source/prism-rails/demo/app/assets/javascripts
  /Users/avi/code/open-source/prism-rails/demo/app/assets/stylesheets
  /Users/avi/code/open-source/prism-rails/vendor/assets/javascripts
  /Users/avi/code/open-source/prism-rails/vendor/assets/stylesheets
  /Users/avi/.rbenv/versions/3.2.2/lib/ruby/gems/3.2.0/gems/actionview-8.1.3/app/assets/javascripts):
  
app/views/layouts/application.html.erb:6
Started GET "/" for 127.0.0.1 at 2026-06-07 12:50:47 +0200
Processing by DemoController#show as HTML
  Rendering layout layouts/application.html.erb
  Rendering demo/show.html.erb within layouts/application
  Rendered demo/show.html.erb within layouts/application (Duration: 0.3ms | GC: 0.0ms)
  Rendered layout layouts/application.html.erb (Duration: 2.6ms | GC: 0.0ms)
Completed 500 Internal Server Error in 9ms (GC: 0.1ms)


  
ActionView::Template::Error (couldn't find file 'prism-theme/cb' with type 'text/css'
Checked in these paths: 
  /Users/avi/code/open-source/prism-rails/demo/app/assets/config
  /Users/avi/code/open-source/prism-rails/demo/app/assets/javascripts
  /Users/avi/code/open-source/prism-rails/demo/app/assets/stylesheets
  /Users/avi/code/open-source/prism-rails/vendor/assets/javascripts
  /Users/avi/code/open-source/prism-rails/vendor/assets/stylesheets
  /Users/avi/.rbenv/versions/3.2.2/lib/ruby/gems/3.2.0/gems/actionview-8.1.3/app/assets/javascripts)
Caused by: Sprockets::FileNotFound (couldn't find file 'prism-theme/cb' with type 'text/css'
Checked in these paths: 
  /Users/avi/code/open-source/prism-rails/demo/app/assets/config
  /Users/avi/code/open-source/prism-rails/demo/app/assets/javascripts
  /Users/avi/code/open-source/prism-rails/demo/app/assets/stylesheets
  /Users/avi/code/open-source/prism-rails/vendor/assets/javascripts
  /Users/avi/code/open-source/prism-rails/vendor/assets/stylesheets
  /Users/avi/.rbenv/versions/3.2.2/lib/ruby/gems/3.2.0/gems/actionview-8.1.3/app/assets/javascripts)

Information for: ActionView::Template::Error (couldn't find file 'prism-theme/cb' with type 'text/css'
Checked in these paths: 
  /Users/avi/code/open-source/prism-rails/demo/app/assets/config
  /Users/avi/code/open-source/prism-rails/demo/app/assets/javascripts
  /Users/avi/code/open-source/prism-rails/demo/app/assets/stylesheets
  /Users/avi/code/open-source/prism-rails/vendor/assets/javascripts
  /Users/avi/code/open-source/prism-rails/vendor/assets/stylesheets
  /Users/avi/.rbenv/versions/3.2.2/lib/ruby/gems/3.2.0/gems/actionview-8.1.3/app/assets/javascripts):
    3:   <head>
    4:     <title>prism-rails demo</title>
    5:     <meta name="viewport" content="width=device-width,initial-scale=1">
    6:     <%= stylesheet_link_tag "application", "data-turbo-track": "reload" %>
    7:     <%= javascript_include_tag "application", "data-turbo-track": "reload", defer: true %>
    8:   </head>
    9:   <body>
  
app/views/layouts/application.html.erb:6

Information for cause: Sprockets::FileNotFound (couldn't find file 'prism-theme/cb' with type 'text/css'
Checked in these paths: 
  /Users/avi/code/open-source/prism-rails/demo/app/assets/config
  /Users/avi/code/open-source/prism-rails/demo/app/assets/javascripts
  /Users/avi/code/open-source/prism-rails/demo/app/assets/stylesheets
  /Users/avi/code/open-source/prism-rails/vendor/assets/javascripts
  /Users/avi/code/open-source/prism-rails/vendor/assets/stylesheets
  /Users/avi/.rbenv/versions/3.2.2/lib/ruby/gems/3.2.0/gems/actionview-8.1.3/app/assets/javascripts):
  
app/views/layouts/application.html.erb:6
